File: vUX-spaEngine.js
Feature: spa-logged-in

=======================================================================
Section 1
OLD_SECTION
    var CACHE_VERSION_KEY = "spaCacheVersion";
    var cacheVersion = null;
    var dataAttributes = { //data attributes name should be specified without the data- prefix. only plain words or hyphenated words is allowed
        contentNodeId:"", //The element to hold the return data, only ID name, if not the default content node is used

NEW_SECTION
    var CACHE_VERSION_KEY = "spaCacheVersion";
    var cacheVersion = null;
    //Whether the app has a signed-in user, read by protected routes. The engine can't know this on
    //its own: the app sets spa.loggedIn before initialize() on every page load (it lives in memory),
    //to true after a successful sign-in, and to false on sign-out.
    var loggedIn = false;
    var dataAttributes = { //data attributes name should be specified without the data- prefix. only plain words or hyphenated words is allowed
        contentNodeId:"", //The element to hold the return data, only ID name, if not the default content node is used

REASON
New instance state: the signed-in flag that protected routes read. The engine has no way to know who is signed in, so the app sets it.

=======================================================================
Section 2
OLD_SECTION
        //Drops every piece of HTML the engine has cached, so the next navigation to any route
        //fetches it from the server again. Only the engine's own keys are emptied: sessionStorage
        //also holds userProperties (auth state), which a sessionStorage.clear() would wipe.
        //The keys are reset to empty objects rather than removed, because the read paths parse
        //them with getIterable() and JSON.parse(undefined) throws.

NEW_SECTION
        //Drops every piece of HTML the engine has cached, so the next navigation to any route
        //fetches it from the server again. Only the engine's own keys are emptied: sessionStorage
        //may also hold the app's own state, which a sessionStorage.clear() would wipe.
        //The keys are reset to empty objects rather than removed, because the read paths parse
        //them with getIterable() and JSON.parse(undefined) throws.

REASON
Comment no longer names userProperties, which the engine no longer reads.

=======================================================================
Section 3
OLD_SECTION
                }else{
                    // Redirect to Auth page
                    location.assign(routeProperties.authURL);
                }


NEW_SECTION
                }else{
                    // Redirect to Auth page
                    location.assign(routeProperties.properties.authURL);
                }


REASON
Redirect for a protected route reached by an SPA link click read routeProperties.authURL, which doesn't exist (the route's settings are under routeProperties.properties), so signed-out users were sent to /undefined.

=======================================================================
Section 4
OLD_SECTION
                }else{
                    // Redirect to Auth page
                    location.assign(routeProperties.authURL);
                }


NEW_SECTION
                }else{
                    // Redirect to Auth page
                    location.assign(routeProperties.properties.authURL);
                }


REASON
Same /undefined redirect bug, on first page load (boot).

=======================================================================
Section 5
OLD_SECTION

    function isLoggedIn(){
        let status=null;
        if (sessionStorage.userProperties == undefined) {
            status = false;
        }else{
            if (sessionStorage.userProperties.auth){
                status = true;
            }
        }
    }


NEW_SECTION

    function isLoggedIn(){
        return loggedIn;
    }


REASON
isLoggedIn() had no return statement, so it always returned undefined and every protected route redirected, even for a signed-in user. It also read sessionStorage.userProperties.auth, a property of a string, which is always undefined. It now returns the app-set loggedIn flag.

=======================================================================
Section 6
OLD_SECTION
        initialize: { writable: false },
        destroy: { writable: false },
        clearCache: { writable: false }
    })


NEW_SECTION
        initialize: { writable: false },
        destroy: { writable: false },
        clearCache: { writable: false },
        loggedIn: {
            set: function(value) {
                validateBoolean(value, "SPAEngine.loggedIn property value must be a boolean");
                loggedIn = value;
            },
            get: function() {
                return loggedIn;
            }
        }
    })


REASON
Public loggedIn property: boolean-validated setter (TypeError otherwise) and a getter.

