FILE: doc/README.md
FEATURE: resizer-docs
DATE: 2026-08-27
PRIOR STATE: as left by feature 'auto-writer-docs'

================================================================================
CHANGE 1 — Add Resizer to the guides table
================================================================================

OLD_SECTION
| [Auto Writer](auto-writer.md) | `vUX-autoWriter.js` | Typewriter text effect with an embedded directive syntax for line breaks, pauses and backspacing |

NEW_SECTION
| [Auto Writer](auto-writer.md) | `vUX-autoWriter.js` | Typewriter text effect with an embedded directive syntax for line breaks, pauses and backspacing |
| [Resizer](resizer.md) | `vUX-resizer.js` | Drag-to-resize handles on any element, on either axis, clamped to bounds you set |

REASON
The index is the entry point to the documentation set; a guide not listed here is a
guide nobody finds.

================================================================================
CHANGE 2 — Drop Resizer from the "coming next" list
================================================================================

OLD_SECTION
Guides for the remaining modules (`Carousel`, `FormValidator`, `ListScroller`, `TouchHandler`, `ToolTip`, `Resizer`, `TimeLineList`, `CShapes`, `DOMDrawer`) are coming next.

NEW_SECTION
Guides for the remaining modules (`Carousel`, `FormValidator`, `ListScroller`, `TouchHandler`, `ToolTip`, `TimeLineList`, `CShapes`, `DOMDrawer`) are coming next.

REASON
Resizer is no longer pending. Leaving it in both lists would contradict the table
directly above it.

================================================================================
CHANGE 3 — Add the example to "Other references"
================================================================================

OLD_SECTION
- [AutoWriter example](../examples/autowriter/README.md) — runnable example of the typewriter effect, its directives and its validation.

NEW_SECTION
- [AutoWriter example](../examples/autowriter/README.md) — runnable example of the typewriter effect, its directives and its validation.
- [Resizer example](../examples/resizer/README.md) — runnable example covering both axes, all four edges, a consumer-supplied handle and teardown.

REASON
Every other module with both a guide and an example is listed in both places, and the
Resizer example carries consumer-side CSS technique the guide summarises but does not
reproduce in full.
