File: examples/spa/README.md
Feature: spa-cache-version

=======================================================================
Section 1
OLD_SECTION
- **Live table island** — the "/table" route mounts a `DataView` (`vUX-dataView.js`) with 500 keyed rows: sort and filter without rebuilding, a ticker updating 50 cells every 100ms, and a benchmark button comparing 200 targeted updates against a full 500-row rebuild.
- **Route teardown** — leaving the table route fires the route's `exitCallback`, which stops the ticker and destroys the view; all other routes fall back to the global `config.exitCallback`.

- **Validation** — the buttons in section 02 build throwaway engines to show how `initialize()` refuses an incomplete setup and how `dataAttributeNames`/`classes` reject unknown keys.

Everything a callback receives is printed to the diagnostics panel at the bottom of the page.


NEW_SECTION
- **Live table island** — the "/table" route mounts a `DataView` (`vUX-dataView.js`) with 500 keyed rows: sort and filter without rebuilding, a ticker updating 50 cells every 100ms, and a benchmark button comparing 200 targeted updates against a full 500-row rebuild.
- **Route teardown** — leaving the table route fires the route's `exitCallback`, which stops the ticker and destroys the view; all other routes fall back to the global `config.exitCallback`.

- **Shipping a new release** — section 02 reads `/version.json` before `initialize()` and passes its `build` to `config.cacheVersion`, so a cache built under another release is emptied at boot. Its controls set a new version on the running engine, re-read `version.json`, or call `clearCache()`, beside a live view of the engine's `sessionStorage` keys. Clicking User 7 before and after shows the difference: the progress bar appears only when the fragment is fetched.
- **Validation** — the buttons in section 03 build throwaway engines to show how `initialize()` refuses an incomplete setup, how `dataAttributeNames`/`classes` reject unknown keys, and how `cacheVersion` rejects an empty value.

Everything a callback receives is printed to the diagnostics panel at the bottom of the page.


REASON
Documents the new release section, the renumbered validation section, and how to simulate a release by editing version.json.

=======================================================================
Section 2
OLD_SECTION

The bundled server provides what any real vUX SPA deployment needs: a history fallback (unknown paths serve `index.html`) and the library reachable at the path declared in `data-library-root` (here `/lib/vUX/`, mapped to the repo root). It also maps `/shared/` to [`../shared/`](../shared/) for the example design system, and injects 0.7s of artificial latency on fragment fetches so the progress bar is visible on a local machine.

## Styling

The page uses the shared example design system at [`../shared/example.css`](../shared/example.css). Route fragments in `display/` are plain HTML carrying no classes of their own, so they are styled through `#contentBoundary` — the element they are loaded into. That keeps a fragment portable: it is content, not a styled component.

NEW_SECTION

The bundled server provides what any real vUX SPA deployment needs: a history fallback (unknown paths serve `index.html`) and the library reachable at the path declared in `data-library-root` (here `/lib/vUX/`, mapped to the repo root). It also maps `/shared/` to [`../shared/`](../shared/) for the example design system, and injects 0.7s of artificial latency on fragment fetches so the progress bar is visible on a local machine.

## Trying a release

`version.json` in this folder stands in for the file a deploy script writes. With the page open, change its `build` value on disk and press **Check /version.json**: the engine's cache keys empty, and the next route visit fetches from the server again. Reloading the page picks up the new value at boot instead. Change it back to `demo-1` when you are done.

## Styling

The page uses the shared example design system at [`../shared/example.css`](../shared/example.css). Route fragments in `display/` are plain HTML carrying no classes of their own, so they are styled through `#contentBoundary` — the element they are loaded into. That keeps a fragment portable: it is content, not a styled component.

REASON
Documents the new release section, the renumbered validation section, and how to simulate a release by editing version.json.
