FILE: vUX-autoWriter.js
FEATURE: auto-writer-fixes
DATE: 2026-08-26
PRIOR STATE: as shipped since 2021-07-19; module never revised, undocumented, no example page

Verification of the module found that plain typing and the '|' line-break directive
worked, and that everything around them was defective. Fourteen defects were confirmed
by executing the module against a stubbed core; all are addressed below.

================================================================================
CHANGE 1 — Guard the blinking cursor against a missing blinker node
================================================================================

OLD_SECTION
function pauseWriting(con){
    if(showCursor){
        blinkCursor = setInterval(function(){
            if(con.nextElementSibling != null){
                con.nextElementSibling.classList.toggle("hide");
            }
        }, cursorBlinkDelay);
    }
}
function doneWriting(con){
    if(showCursor){
        if(con.nextElementSibling != null){
            con.nextElementSibling.classList.add("hide");
        }
    }
}
function resumeWriting(con){
    if(showCursor) clearInterval(blinkCursor);
    con.nextElementSibling.classList.remove("hide");
}

NEW_SECTION
function cursorNode(){
    return conE == null? null: conE.nextElementSibling;
}
function pauseWriting(){
    var blinker = cursorNode();
    if (!showCursor || blinker == null) return;
    clearInterval(timers.blink);
    timers.blink = setInterval(function(){
        blinker.classList.toggle("hide");
    }, cursorBlinkDelay);
}
function resumeWriting(){
    var blinker = cursorNode();
    clearInterval(timers.blink);
    timers.blink = null;
    if (blinker != null) blinker.classList.remove("hide");
}
function doneWriting(){
    var blinker = cursorNode();
    clearInterval(timers.blink);
    timers.blink = null;
    if (blinker != null) blinker.classList.add("hide");
}

REASON
addSpan() appends the blinker span only when 'showCursor' is true, and 'showCursor'
defaults to false. resumeWriting() was the one of the three that dereferenced
con.nextElementSibling without a null check, so every '~n~' delay directive threw
"Cannot read properties of null (reading 'classList')" under the default configuration
and typing stopped dead mid-string. Measured before the fix: "A~50~B" produced "A".
resumeWriting() also cleared the blink interval only when showCursor was true, leaking
the interval whenever the flag was turned off between a pause and a resume.

================================================================================
CHANGE 2 — Bound the directive scanners and verify directives up front
================================================================================

OLD_SECTION
function getDuration(startPoint, text){
    startPoint++;
    var int = "";
    while(text[startPoint] != "~"){
        int += text[startPoint];
        startPoint++;
    }
    return parseInt(int);
}

...

function getDeletedDetails(startPoint, text){
    startPoint++;
    var int = "";
    while(text[startPoint] != "*"){
        int += text[startPoint];
        startPoint++;
    }
    return {
            value:parseInt(int),
            length:parseInt(int.length)
    };
}

NEW_SECTION
// Reads a '*n*' or '~n~' directive opened at 'startPoint'. Bounded by the string length so a
// malformed directive raises a descriptive error instead of scanning past the end for ever.
function readDirective(text, startPoint, delimiter, msg){
    var int = "", point = startPoint + 1;
    while (point < text.length && text[point] != delimiter){
        int += text[point];
        point++;
    }
    if (point >= text.length){
        throw new Error(msg + " : unterminated '" + delimiter + "' directive at index " + startPoint + ", it must be closed as '" + delimiter + "n" + delimiter + "'");
    }
    if (!/^[0-9]+$/.test(int)){
        throw new Error(msg + " : the '" + delimiter + "' directive at index " + startPoint + " must enclose digits only, as in '" + delimiter + "250" + delimiter + "'");
    }
    return {
            value:parseInt(int, 10),
            length:int.length
    };
}
// Directives are verified up front so writeText() throws to its caller, in keeping with the
// rest of the library, rather than failing asynchronously inside a timer.
function validateDirectives(text, msg){
    var point = 0;
    while (point < text.length){
        var char = text[point];
        if (char == "*" || char == "~"){
            point += readDirective(text, point, char, msg).length + 2;
        }else{
            point++;
        }
    }
}

REASON
Neither scanner tested for the end of the string. Past the last character
text[startPoint] is undefined, which is never equal to the closing delimiter, so the
loop appended the string "undefined" to its accumulator for ever. An unterminated
directive — "wait~500", a plain typo in a caller's string — froze the tab and then
crashed it; measured before the fix as "RangeError: Invalid string length". The two
near-identical scanners are merged into one bounded reader, digits are now required
rather than assumed (parseInt previously turned "~xy~" into NaN silently), and the
whole string is swept by validateDirectives() from writeText() so a malformed string
throws to its caller like every other argument fault in the library instead of failing
inside a timer where nothing can catch it. Merging also drops the old
'parseInt(int.length)' — a redundant parse of a value that is already a number.

================================================================================
CHANGE 3 — Type and erase through DOM nodes rather than innerHTML strings
================================================================================

OLD_SECTION
function write(con, text, char, fn){
    con.innerHTML += char;
    if (text.length > 0){
        PlainTextCounter++;
        self.writeText(con, text, fn);
    }
}
function erase(n, con){
    var p_Delted = "", delay ;
    for (var x = 0; x < n; x++) {
        var deleted = Array.from(con.innerHTML);
        deleted.pop();
        p_Delted = deleted.join("");
        con.innerHTML = p_Delted;
    }
    return delay * n;
}

NEW_SECTION
// Appends one visible unit. Nodes are appended rather than concatenated onto innerHTML so that
// a line break stays a single erasable node and the surrounding markup is never re-parsed.
function writeUnit(char){
    if (char == "|"){
        conE.appendChild($$.ce("br"));
        return;
    }
    var last = conE.lastChild;
    if (last != null && last.nodeType == 3){ //text node
        last.data += char;
    }else{
        conE.appendChild(document.createTextNode(char));
    }
}
// Removes the last visible unit: one character of text, or one childless element such as <br>.
// Operating on nodes keeps tags intact, unlike popping characters off innerHTML.
function eraseUnit(root){
    var node = root.lastChild;
    while (node != null){
        if (node.nodeType == 1 && node.lastChild != null){ //descend into a populated element
            node = node.lastChild;
            continue;
        }
        if (node.nodeType == 3 && node.data.length > 0){
            node.data = node.data.slice(0, -1);
            if (node.data.length == 0) node.parentNode.removeChild(node);
            return true;
        }
        if (node.nodeType == 1){ //childless element, e.g. <br>
            node.parentNode.removeChild(node);
            return true;
        }
        node.parentNode.removeChild(node); //empty text node, carries no unit
        node = root.lastChild;
    }
    return false;
}

REASON
erase() popped characters off the innerHTML string, so it ate markup a byte at a time
rather than a character at a time: measured before the fix, deleting 2 units from
"A<br/>B" left the string "A<br". Any erase following a '|' line break corrupted the
DOM. Writing had the mirror-image problem — 'con.innerHTML += char' re-parses and
rebuilds the whole subtree on every keystroke, discarding any node identity within it.
Both now work on nodes: a character extends the trailing text node, a line break is a
real <br> element, and erasing removes exactly one visible unit whatever it is made of.
The dead 'return delay * n' is dropped with it; 'delay' was declared and never assigned,
so the expression was always NaN and the value was never read by any caller.

================================================================================
CHANGE 4 — Erase to a completion callback, exactly n units
================================================================================

OLD_SECTION
this.deleteText = function(n, textBox, fn=null) {

    validateInteger(n, "writeTextObj.deleteText(x..) method argument 1 must be an integer");
    validateElement(textBox, "writeTextObj.deleteText(.x.) method argument 2 must be a valid HTML element");
    if (fn != null) validateFunction(fn, "writeTextObj.deleteText(..x) method argument 3 must be a function");
    
    let speed = $$.randomInteger(typingSpeed[0], typingSpeed[1]);
    let deletCount = 0;
    
    let del = setInterval(function (){
        erase(1, textBox);
        if (deletCount == n){ //deletion completed
            clearInterval(del);
            if (fn != null){
                setTimeout(fn, callBackDelay);
            }
        }
        deletCount++;
    }, speed);

}

NEW_SECTION
function erase(n, root, slot, fn){
    var erased = 0;
    clearInterval(timers[slot]);
    timers[slot] = null;
    if (n <= 0){
        if (fn != null) fn();
        return;
    }
    timers[slot] = setInterval(function (){
        eraseUnit(root);
        erased++;
        if (erased >= n){ //deletion completed
            clearInterval(timers[slot]);
            timers[slot] = null;
            if (fn != null) fn();
        }
    }, speed());
}

...

this.deleteText = function(n, textBox, fn=null) {

    var temp = "writeTextObj.deleteText(x..) method argument 1 must be an integer";
    validateNumber(n, temp);
    if (!validateInteger(n)) throw new TypeError(temp); //validateInteger() reports, it does not throw
    if (n < 0) throw new Error(temp + " that is not negative");
    validateElement(textBox, "writeTextObj.deleteText(.x.) method argument 2 must be a valid HTML element");
    if (fn != null) validateFunction(fn, "writeTextObj.deleteText(..x) method argument 3 must be a function");

    erase(n, textBox, "erase", function (){
        runCallBack(fn);
    });

}

REASON
Three defects in one method.
(a) Off by one: the 'deletCount == n' test ran after erase() and deletCount started at
    zero, so n+1 units were removed. Measured before the fix on "ABCDEFGH":
    deleteText(0) removed 1, deleteText(1) removed 2, deleteText(3) removed 4.
    The counter is now incremented before the test and compared with >=.
(b) Unvalidated argument: validateInteger() in src/helpers.js is the one member of the
    validateX family that takes no message argument and RETURNS A BOOLEAN instead of
    throwing, so the call was a no-op. deleteText("3", box) passed validation and then
    'deletCount == "3"' never held, leaving a setInterval erasing past empty for ever.
    The result is now tested and thrown on, and negative counts are rejected too.
    (The same latent no-op call exists in $$.randomInteger, core line 1124 — untouched
    here, as it is outside this module.)
(c) No completion signal for internal callers: erase() now takes a callback, which is
    what lets the inline '*n*' directive wait for it (see CHANGE 5). The public method
    keeps its callBackDelay through runCallBack(); the internal directive path does not
    apply that delay, since it is resuming typing rather than notifying a consumer.
The named timer slot keeps a caller's deleteText() from cancelling an in-flight
directive erase, and vice versa.

================================================================================
CHANGE 5 — Drive typing from one bounded step machine
================================================================================

OLD_SECTION
n = $$.randomInteger(typingSpeed[0], typingSpeed[1]);

if (PlainTextCounter < currentText.length) {

    clearTimeout(execWrite);

    execWrite = setTimeout(function() {
            var char = currentText[PlainTextCounter];
            if(char == "|"){//line break
                write(conE, currentText, "<br/>", fn);
            }else if(char == "*"){ //erase
                var deleteDetails = getDeletedDetails(PlainTextCounter, currentText);
                self.deleteText(deleteDetails.value, conE);
                PlainTextCounter = (PlainTextCounter) + (deleteDetails.length)+2;
                char = currentText[PlainTextCounter];

                if (char != undefined){
                    write(conE, currentText, char, fn);
                }else{
                    doneWriting(conE);
                }
                
            }else if(char == "~"){//Delay
                var delayDuration   = getDuration(PlainTextCounter, currentText);

                pauseWriting(conE);
                
                var beginType       = setTimeout(function (){
                    clearTimeout(beginType);
                    resumeWriting(conE);

                    PlainTextCounter = (PlainTextCounter) + (delayDuration.toString().length + 2);
                    char = currentText[PlainTextCounter];

                    write(conE, currentText, char, fn);
                }, delayDuration);
                
            }else{//write
                write(conE, currentText, char, fn);
            }
        
    }, n);

}else {
    PlainTextCounter = -1;

    doneWriting(conE);
    if(type == "single"){
        clearMemory();
        setTimeout(fn, callBackDelay);
    }else{
        if(familyN < family){
            conE = "";
            self.writeText(mainTextBox, mainTexts, fn);
        }else{
            conE = "";
            init = false;
            familyN = 0;
            clearMemory();
            setTimeout(fn, callBackDelay);
        }
    }
}

NEW_SECTION
// Types one unit per tick. Every branch returns through step() so the end of the string is
// re-tested before the next read, and a directive can never run off the end of the text.
function step(fn){
    timers.write = setTimeout(function() {
        if (cursorIndex >= currentText.length){
            endBox(fn);
            return;
        }

        var char = currentText[cursorIndex];

        if(char == "*"){ //erase
            var deleteDetails = readDirective(currentText, cursorIndex, "*", "writeTextObj.writeText(.x.)");
            cursorIndex += deleteDetails.length + 2;
            //resume only once the erasing has finished, otherwise the two race over the same node
            erase(deleteDetails.value, conE, "directive", function (){
                step(fn);
            });
        }else if(char == "~"){ //Delay
            var delayDetails = readDirective(currentText, cursorIndex, "~", "writeTextObj.writeText(.x.)");
            cursorIndex += delayDetails.length + 2;

            pauseWriting();

            timers.write = setTimeout(function (){
                resumeWriting();
                step(fn);
            }, delayDetails.value);
        }else{ //write, '|' included
            writeUnit(char);
            cursorIndex++;
            step(fn);
        }
    }, speed());
}

REASON
Four defects shared one cause: after handling a directive the old code read the next
character and wrote it immediately, instead of returning to the top where the length
test lives.
(a) A trailing directive wrote the string "undefined" into the page, because
    currentText[index] past the end is undefined and 'innerHTML += undefined'
    stringifies it. Measured before the fix: "hi~20~" produced "hiundefined". The '*'
    branch had a guard for this; the '~' branch did not. Returning through step() makes
    the guard unnecessary in both.
(b) The inline '*n*' directive raced its own erasing: deleteText() is interval-driven
    and returns at once, while the caller resumed typing synchronously, so the two
    fought over the same node. Measured before the fix: "Hello*3*Bye" produced "Hell"
    instead of "HeBye". Typing now resumes from the erase completion callback.
(c) The delay branch advanced the counter by 'delayDuration.toString().length + 2',
    which is the length of the PARSED number, not of the source digits. "~050~" parses
    to 50, whose string length is 2 rather than 3, so the counter landed one character
    short and the closing delimiter was typed into the page. readDirective() returns
    the source digit length, which is what the counter needs.
(d) The '|' branch is folded into writeUnit(), so the three directives and the ordinary
    character path all advance the counter in one place.
Recursion no longer re-enters the public writeText(): the old write() called
self.writeText(con, text, fn) passing the SPAN as the target element, which survived
re-validation only because the 'init' flag happened to short-circuit the setup block.
step() closes over the state directly, so per-tick argument re-validation disappears too.

================================================================================
CHANGE 6 — Reset per-run state so an instance can be reused, and can be stopped
================================================================================

OLD_SECTION
var PlainTextCounter = 0, mainTextBox ,mainTexts, self = this, n, callBackDelay = 0, typingSpeed = [10, 20],
execWrite = null, blinkCursor, conE="", type = "single", cursorBlinkDelay = 300, init=false, familyN = 0, cursorStyle={style:"solid", width:"1px", color:"green"}, showCursor=false, family=0, currentText="";

...

function clearMemory(){
    clearTimeout(execWrite);
}

...

    if(!init){
        mainTextBox = textBox;
        mainTexts = text;
        type = writeType(textBox, text);
        family = textBox.length;
        setStyleSheet();
        init = true;
    }

    if(type == "single"){
        if(conE == ""){
            addSpan(textBox);
            conE = textBox.querySelector(".vAutoWriter");
            currentText = text;
        }
    }else{// group
        if(conE == ""){
            addSpan(textBox[familyN]);
            currentText = text[familyN];
            conE = textBox[familyN].querySelector(".vAutoWriter")
            familyN++;
        }
    }

NEW_SECTION
var callBackDelay = 0, typingSpeed = [10, 20], cursorBlinkDelay = 300,
cursorStyle = {style:"solid", width:"1px", color:"green"}, showCursor = false,
timers = {write:null, blink:null, erase:null, directive:null},
boxes = null, texts = null, boxIndex = 0, conE = null, currentText = "", cursorIndex = 0;

...

function clearMemory(){
    clearTimeout(timers.write);
    clearInterval(timers.blink);
    clearInterval(timers.erase);
    clearInterval(timers.directive);
    timers.write = timers.blink = timers.erase = timers.directive = null;
}

...

function startBox(){
    addSpan(boxes[boxIndex]);
    conE = boxes[boxIndex].querySelector(".vAutoWriter");
    currentText = texts[boxIndex];
    cursorIndex = 0;
}
function endBox(fn){
    doneWriting();
    boxIndex++;
    if (boxIndex < boxes.length){ //group: move on to the next element
        startBox();
        step(fn);
    }else{
        reset();
        runCallBack(fn);
    }
}
function reset(){
    clearMemory();
    boxes = null;
    texts = null;
    boxIndex = 0;
    conE = null;
    currentText = "";
    cursorIndex = 0;
}

...

this.stop = function() {
    reset();
}

REASON
Single mode set PlainTextCounter to -1 on completion and never cleared 'init' or 'conE',
so the instance could not be used twice. The second call kept the first call's container
and text, read currentText[-1] (undefined) and wrote it out, then retyped the OLD string.
Measured before the fix, writeText(box1,"First") followed by writeText(box2,"Second")
left box1 holding "FirstundefinedFirst" and never created a span in box2 at all. State is
now reset on completion and rebuilt at the start of every run, and the single/group
distinction collapses into one list of boxes with one list of texts, removing the
mainTextBox/mainTexts/familyN/family/init/PlainTextCounter tangle.
clearMemory() previously cleared only the typing timeout, leaking the blink interval and
the deletion interval whenever an instance was discarded mid-animation; it now clears all
four slots. this.stop() is added because there was no way to cancel a run in progress —
necessary for a component torn down while typing, e.g. on an SPA route change.

================================================================================
CHANGE 7 — Accept the collection form the module already claimed to support
================================================================================

OLD_SECTION
function writeType(con, text){
    if(Object.getPrototypeOf(con).constructor.name == "NodeList"){
        validateArray(text, "writeTextObj.writeText(.x.) method argument 2 must be an array of Strings, if argument 1 is HTML Object");
        return "multiple";
    }else{
        validateElement(con, "writeTextObj.writeText(x..) method argument 1 must be either HTMLObject or HTML Element");
        validateString(text, "writeTextObj.writeText(.x.) method argument 2 must be a String, if argument 1 is HTML Element");
        return "single";
    }
}

...

this.writeText = function(textBox, text, fn=null) {

    validateElement(textBox, "writeTextObj.writeText(x..) method argument 1 must be a valid HTML element");
    validateString(text, "writeTextObj.writeText(.x.) method argument 2 must be a string");
    if (fn != null) validateFunction(fn, "writeTextObj.writeText(..x) method argument 3 must be a function");

NEW_SECTION
function isElementCollection(value){
    if (value == null || typeof value.length != "number" || value.length == 0) return false;
    if (validateElement(value, "bool")) return false;
    for (var x = 0; x < value.length; x++){
        if (!validateElement(value[x], "bool")) return false;
    }
    return true;
}
function writeType(con, text){
    if(validateElement(con, "bool")){
        validateString(text, "writeTextObj.writeText(.x.) method argument 2 must be a String, if argument 1 is HTML Element");
        return "single";
    }else if(isElementCollection(con)){
        var temp = "writeTextObj.writeText(.x.) method argument 2 must be an array of Strings, if argument 1 is HTML Object";
        validateArray(text, temp);
        validateArrayMembers(text, "string", temp);
        validateArrayLength(text, con.length, temp + " holding one String per element (" + con.length + ")");
        return "multiple";
    }else{
        throw new TypeError("writeTextObj.writeText(x..) method argument 1 must be either HTMLObject or HTML Element");
    }
}

...

this.writeText = function(textBox, text, fn=null) {

    var type = writeType(textBox, text);
    if (fn != null) validateFunction(fn, "writeTextObj.writeText(..x) method argument 3 must be a function");

    boxes = type == "single"? [textBox]: Array.prototype.slice.call(textBox);
    texts = type == "single"? [text]: text.slice();
    texts.forEach(function (entry){
        validateDirectives(entry, "writeTextObj.writeText(.x.) method argument 2");
    });

REASON
writeText() ran validateElement() on argument 1 BEFORE consulting writeType(), and
validateElement() throws for anything that is not an Element. Every collection call was
therefore rejected at the door and the entire "multiple" branch — writeType()'s NodeList
test, 'family = textBox.length', and the familyN sequencing in the completion block —
had never executed. Confirmed by measurement: a collection argument threw
"argument 1 must be a valid HTML element". The type test now runs first and owns all
argument validation, so the group path is reachable for the first time.
Detection by 'Object.getPrototypeOf(con).constructor.name == "NodeList"' is replaced by a
structural check: the old test recognised querySelectorAll() results but not
getElementsByClassName() (an HTMLCollection) nor a plain array of elements, and it threw
outright on a null argument, before any validator could produce a useful message.
The text array is now checked for string members and for matching the element count,
rather than only for being an array — the old code would have read undefined off the end.
The array copies mean a caller mutating their array mid-run cannot derail the sequence,
and the live-NodeList case cannot lose its footing if the DOM changes while typing.

================================================================================
CHANGE 8 — Keep unset cursorStyle members at their defaults
================================================================================

OLD_SECTION
cursorStyle:{
    set: function(value) {
        var temp = "writeText.config.cursorStyle property value must be an object ";
        validateObjectLiteral(value, temp);
        validateObjectMembers(value, {style:1,width:1,color:1});
        cursorStyle = value;
    }
},

NEW_SECTION
cursorStyle:{
    set: function(value) {
        var temp = "writeText.config.cursorStyle property value must be an object ";
        validateObjectLiteral(value, temp);
        validateObjectMembers(value, {style:1,width:1,color:1});
        //merged over the current value so a partial object does not blank the other members
        var merged = {style:cursorStyle.style, width:cursorStyle.width, color:cursorStyle.color};
        Object.keys(value).forEach(function (key){
            validateString(value[key], temp + "whose '" + key + "' member is a string");
            merged[key] = value[key];
        });
        cursorStyle = merged;
    }
},

REASON
validateObjectMembers() rejects unknown keys but never requires the known ones, and the
assignment replaced the defaults wholesale. A partial object silently produced a broken
declaration: measured before the fix, {color:"red"} yielded the inline style
"border-left:undefined undefined red". Members are now merged over the current value and
each supplied member is type-checked, so a partial object configures only what it names.

================================================================================
CHANGE 9 — Rebuild the span and blinker per run; stop passing null to setTimeout
================================================================================

OLD_SECTION
function addSpan(con){
    let exist = con.querySelector(".vAutoWriter");
    if(exist == null){
        var spanE = $$.ce("span", {class:"vAutoWriter"});
        var blinker = $$.ce("span", {class:"vAutoWriterBlinker", style:"border-left:"+cursorStyle.style+" "+cursorStyle.width+" "+ cursorStyle.color});
        con.appendChild(spanE);
        if(showCursor) con.appendChild(blinker);
    }
}

NEW_SECTION
function runCallBack(fn){
    // 'fn' is optional throughout the public API, and a null timer handler is not a no-op:
    // browsers coerce it to the string "null" and evaluate it (blocked under CSP), Node throws.
    if (fn != null) setTimeout(fn, callBackDelay);
}

...

function addSpan(con){
    var spanE = con.querySelector(".vAutoWriter");
    if(spanE == null){
        spanE = $$.ce("span", {class:"vAutoWriter"});
        con.appendChild(spanE);
    }
    while (spanE.lastChild != null) spanE.removeChild(spanE.lastChild); //each run starts clean
    var blinker = spanE.nextElementSibling;
    if(showCursor){
        if (blinker == null){
            blinker = $$.ce("span", {class:"vAutoWriterBlinker"});
            con.appendChild(blinker);
        }
        blinker.setAttribute("style", "border-left:"+cursorStyle.style+" "+cursorStyle.width+" "+ cursorStyle.color);
        blinker.classList.remove("hide");
    }else if (blinker != null){
        blinker.parentNode.removeChild(blinker);
    }
}

REASON
addSpan() did nothing at all when a span already existed, so a second run on the same
element appended to the previous run's text and could never gain a blinker if showCursor
had been switched on in between. It also built the blinker element unconditionally and
then discarded it when showCursor was false — allocation for nothing. The span is now
emptied at the start of each run and the blinker is created, restyled, or removed to
match the current configuration.
runCallBack() replaces the two bare 'setTimeout(fn, callBackDelay)' calls in the
completion path. 'fn' defaults to null, and a null timer handler is not ignored: per
WebIDL the TimerHandler union coerces it to the string "null" and the browser evaluates
it as script, which a Content-Security-Policy without 'unsafe-eval' blocks with a console
error; outside a browser it throws outright. This was the first failure hit when the
module was exercised — writeText(el, "Hello") with no callback threw
"ERR_INVALID_ARG_TYPE: The callback argument must be of type function. Received null".
deleteText() already guarded this correctly; writeText() did not.

================================================================================
CHANGE 10 — Housekeeping
================================================================================

OLD_SECTION
    n = $$.randomInteger(typingSpeed[0], typingSpeed[1]);
...
        // if (document.hidden || document.mozHidden || document.webkitHidden || document.msHidden) {

        // }else{
...
        // }
...
Object.defineProperties(this, {
    writeText: { writable: false },
    config: { writable: false },
    deleteText: { writable: false }
})

NEW_SECTION
function speed(){
    return $$.randomInteger(typingSpeed[0], typingSpeed[1]);
}
...
Object.defineProperties(this, {
    writeText: { writable: false },
    config: { writable: false },
    deleteText: { writable: false },
    stop: { writable: false }
})

REASON
The per-tick speed draw was repeated in three places and cached in the instance-scoped
'n', which served no purpose beyond the tick that set it; it is now a function. The
commented-out document.hidden block is removed — it had been dead since 2021 and its
empty if/else made the live branch read as conditional when it was not. 'self' is
dropped, having become unused once recursion stopped going through the public method,
and 'type' becomes a local of writeText(), its only reader. this.stop is added to the
non-writable list so the new method matches the other three.

--------------------------------------------------------------------------------
DEFECT LEFT IN PLACE (outside this module)
--------------------------------------------------------------------------------
src/helpers.js:721 — validateInteger(n) takes no message argument and returns a boolean
instead of throwing, unlike every other validateX in the family. Its other caller,
$$.randomInteger (src/vUX-core-4.0.0-beta.js:1124), passes it a message and ignores the
result, so those two argument checks are also no-ops. Not changed here: the signature is
shared and correcting it is a core change that wants its own feature entry.

--------------------------------------------------------------------------------
VERIFICATION
--------------------------------------------------------------------------------
No test runner exists in this repository, so the module was exercised directly: the core
import was stripped, window.$$, the validateX family, processAssetPath and vModel were
stubbed to the semantics in src/helpers.js, and a minimal DOM (element and text nodes,
lastChild/removeChild/nextElementSibling, class list, HTML serialisation) was supplied.
setTimeout was wrapped to reproduce the browser's string coercion of a non-function
handler rather than Node's throw. Every defect above was measured on the old file and
re-measured on the new one; 26 assertions covering all ten changes, plus the behaviour
that already worked (plain typing, '|' line breaks, callback delivery), pass.
