FILE: vUX-listScroller.js
FEATURE: list-scroller-verification
DATE: 2026-10-05
PRIOR STATE: commit 3f1472a (destroy() added by the component-teardown change)

Verified by driving headless Chromium over a test page (real-time, through the DevTools protocol, since
virtual time does not run requestAnimationFrame), asserting scroll positions, classes, styles and thrown
messages. Baseline before these changes: 21 passed, 27 failed. After: 48 passed, 0 failed. The public API
(constructor, initialize, onScroller, offScroller, destroy, and the eight config properties) is unchanged.

================================================================================
CHANGE 1 — Constructor: list must be inside the container; new per-instance state
================================================================================

OLD_SECTION
    validateElement(container, "An HTML element needed as list parent container");
    validateElement(listParent, "List parent is not a valid HTML element");
    var paddingRight = 0, paddingLeft = 0, ready = 0, listening = 0, hasButtons = true;
    var buttons = [], scrollSize = 175,scrollSpeed = 290,inactiveButtonClassName = "",wrapperStyle = "width:100%";
    var destroyed = false, clickHandle = null;

NEW_SECTION
    validateElement(container, "An HTML element needed as list parent container");
    validateElement(listParent, "List parent is not a valid HTML element");
    if (listParent == container || !container.contains(listParent)) {
        throw new Error("ListScroller() argument 2 (the list) must be inside argument 1 (the container)");
    }
    var paddingRight = 0, paddingLeft = 0, ready = 0, listening = 0, hasButtons = true;
    var buttons = [], scrollSize = 175,scrollSpeed = 290,inactiveButtonClassName = "",wrapperStyle = "width:100%";
    var destroyed = false;
    var animation = null;          //{frame, target} while a button scroll is running
    var resizeWatcher = null;      //ResizeObserver on the container and the list
    var addedClasses = {container:[], buttons:[[], []]};   //only what this instance added is removed again
    var savedWrapperStyle = [];    //[property, previous value, previous priority] per wrapperStyle property
    var savedCursor = [];

REASON
A list outside its container was accepted and laid out, but scrolling the container could never reveal it (verified: no throw). clickHandle (the delegated document listener) is gone with change 3. The new state holds the running animation, the ResizeObserver, and exactly which classes, wrapper properties and button cursors this instance changed, so destroy() can undo only those.

================================================================================
CHANGE 2 — Animation and button state measured from the real position
================================================================================

OLD_SECTION
    var animationOptions = {
        duration:200,
        timingFunction:"linear"
    }
    function toggleClass(type, id) {
        if (type == "r") { //remove
            buttons[id].classList.remove(inactiveButtonClassName);
            buttons[id].style["cursor"] = "pointer";
        } else if (type == "a") { //add
            buttons[id].classList.add(inactiveButtonClassName);
            buttons[id].style["cursor"] = "not-allowed";
        }
    }
    function scrollToleft(e) {
        if (e.button == 0) {
            var currentScrollSize = container.scrollLeft;
            animationOptions.startValue = currentScrollSize; 
            $$.sm(container).animate(scroll, scrollSize, animationOptions)
        }
    }
    function scroll(ele, drawValue){
        ele.scrollTo(drawValue, 0);
    }
    function initialScroll(){
        // to fixed wrong cursor icon
        animationOptions.startValue = 0;
        $$.sm(container).animate(scroll, 1, animationOptions);
        $$.sm(container).animate(scroll, 0, animationOptions);
        container.scrollTo(0,0);
    }
    function scrollToRight(e) {
        if (e.button == 0) {
            var currentScrollSize = container.scrollLeft;
            animationOptions.startValue = currentScrollSize;
            if (currentScrollSize > 0) {
                $$.sm(container).animate(scroll, (-1*scrollSize), animationOptions);
            }
        }
    }
    function scrollStatus(viewPort) {
        var id = viewPort.dataset.animateItem;
        var maxScrolled = (listParent.scrollWidth - container.clientWidth) + paddingLeft;

        if(container.scrollLeft == 0){// disabled left button
            toggleClass("a", 0);
        }else if (container.scrollLeft > 0){
            toggleClass("r", 0);
        }
        
        if(vModel.animate.data.startValue[id] >= maxScrolled){// disabled right button
            toggleClass("a", 1);
        }else if(vModel.animate.data.startValue[id] < maxScrolled){// enable right button
            toggleClass("r", 1);
        }
    }
    function updateLastValue(e){
        if(hasButtons){
            var target = e.target;
            var id = target.dataset.animateItem;
            vModel.animate.data.startValue[id] = target.scrollLeft;
            scrollStatus(target);
        }
    }

NEW_SECTION
    function maxScroll() {
        return Math.max(0, container.scrollWidth - container.clientWidth);
    }
    function setInactive(id, inactive) {
        var button = buttons[id];
        if (button == undefined) return;
        button.classList.toggle(inactiveButtonClassName, inactive);
        button.style["cursor"] = inactive ? "not-allowed" : "pointer";
        button.setAttribute("aria-disabled", inactive ? "true" : "false");
    }
    function updateState() {
        if (!hasButtons || listening == 0) return;
        //1px of slack: at browser zoom levels scrollLeft can stop a fraction short of the end
        var position = container.scrollLeft;
        setInactive(0, position <= 1);
        setInactive(1, position >= maxScroll() - 1);
    }
    function stopAnimation() {
        if (animation != null) {
            cancelAnimationFrame(animation.frame);
            animation = null;
        }
    }
    function scrollList(distance) {
        //A click during a running scroll continues from where that scroll was heading, so two quick
        //clicks always travel two steps.
        var from = container.scrollLeft;
        var base = animation != null ? animation.target : from;
        var target = Math.min(Math.max(base + distance, 0), maxScroll());
        stopAnimation();
        if (target == from) return;

        if (scrollSpeed == 0) {
            container.scrollTo({left: target, behavior: "instant"});
            return;
        }
        var start = performance.now();
        animation = {target: target, frame: 0};
        animation.frame = requestAnimationFrame(function step(now) {
            var progress = Math.min(Math.max((now - start) / scrollSpeed, 0), 1);
            //behavior "instant" so a consumer's scroll-behavior:smooth cannot fight the frames
            container.scrollTo({left: from + (target - from) * progress, behavior: "instant"});
            if (progress < 1) {
                animation.frame = requestAnimationFrame(step);
            } else {
                animation = null;
            }
        });
    }
    function scrollLeftHandler() {
        if (listening == 1 && hasButtons) scrollList(-scrollSize);
    }
    function scrollRightHandler() {
        if (listening == 1 && hasButtons) scrollList(scrollSize);
    }

REASON
Presses went through $$.animate(), which keeps its own per-element 'startValue' and ignores the one passed in. At the end of the row the animation pushed that value past the real maximum with no scroll event to correct it, so the next left press first had to unwind the overshoot (verified: one left press from the end moved 0px; on the datePicker Prev did nothing after Next reached the end). A press during a running scroll started from the mid-flight value, so two quick presses moved 317px instead of 450. scrollStatus() read the same stale value, and before any animation it read startValue[undefined], so neither branch ran. The fixed 200ms duration ignored config.scrollSpeed. The new code tweens scrollLeft itself: from the real position (or the running scroll's target), clamped to scrollWidth - clientWidth, over scrollSpeed ms, with behavior 'instant' so a consumer's scroll-behavior:smooth cannot fight it. initialScroll(), which only existed to nudge the cursor, is dropped. State is set from scrollLeft vs the real maximum with 1px of slack for zoom rounding, and also sets aria-disabled. updateState() does nothing while parked (offScroller), which fixes buttons re-enabling on a manual scroll.

================================================================================
CHANGE 3 — Listeners: on the buttons and container, with a ResizeObserver
================================================================================

OLD_SECTION
    function clickHandler(e) {
        //button left
        if (e.target.classList.contains("vListBt-Left") && e.target == buttons[0]) {
            if (listening == 1 && hasButtons) {
                scrollToRight(e);
            }
        }

        //button Right
        if (e.target.classList.contains("vListBt-Right") && e.target == buttons[1]) {
            if (listening == 1 && hasButtons) {
                scrollToleft(e);
            }
        }
    }
    function assignHandlers() {
        //Buttons. The handle returned by attachEventHandler() is kept so destroy() can detach the
        //delegated listener; the resize handler is named for the same reason.
        clickHandle = $$.attachEventHandler("click", "vListBt", clickHandler);

        window.addEventListener("resize", handleResize, false);

        container.addEventListener("scroll", updateLastValue)
    }
    function handleResize() {
        if (listening == 1 && hasButtons) {
            scrollStatus(container);
        }
    }

NEW_SECTION
    function bindButtons() {
        //Listeners go on the buttons themselves, so a click on an icon inside a button still counts
        buttons[0].addEventListener("click", scrollLeftHandler, false);
        buttons[1].addEventListener("click", scrollRightHandler, false);
        setInactive(0, true);
        setInactive(1, true);
        updateState();
    }
    function unbindButtons() {
        for (var x = 0; x < buttons.length; x++) {
            buttons[x].removeEventListener("click", x == 0 ? scrollLeftHandler : scrollRightHandler, false);
            if (inactiveButtonClassName != "") buttons[x].classList.remove(inactiveButtonClassName);
            buttons[x].removeAttribute("aria-disabled");
            buttons[x].style["cursor"] = savedCursor[x];
        }
    }
    function releaseButtonClasses() {
        for (var x = 0; x < buttons.length; x++) {
            for (var name of addedClasses.buttons[x]) buttons[x].classList.remove(name);
            addedClasses.buttons[x] = [];
        }
    }

REASON
The delegated document listener only fired when e.target itself carried vListBt, so a click on an icon inside a button did nothing (verified). The window resize listener missed the container resizing on its own, items being added and the stylesheet arriving (verified: right button stayed active after the container grew past the row; appending an item did not widen the range because the width was fixed). Listeners now sit on the two buttons, and a ResizeObserver on the container and list (change 5) replaces the window listener.

================================================================================
CHANGE 4 — Wrapper style, paddings and layout
================================================================================

OLD_SECTION
    async function addVitalStyles() {

        try {
            var path = await processAssetPath();

            if (!(path instanceof Error)){
                vModel.core.functions.linkStyleSheet(path+"css/listScroller.css", "listScroller");
            }else{
                throw new Error(path)
            }
           
        } catch (error) {
            console.error(error)
        }

        container.setAttribute("style", wrapperStyle);
        stylePlane();
    }
    function stylePlane() {
        var listItems = listParent.children;
        var children = listItems.length;
        //style list parent container
        container.classList.add("vlistParentXContainer");

        //Style list parent
        listParent.classList.add("vlistParentX");
        listParent.style["width"] = (children * scrollSize) + "px";
        listParent.style["left"] = paddingLeft + "px";

        //Style list
        for (var list of listItems) {
            list.classList.add("vlist");
        }
    }

NEW_SECTION
    function applyWrapperStyle() {
        //Merged into the container's own inline style rather than replacing it, and undone property
        //by property in destroy()
        var probe = document.createElement("div");
        probe.style.cssText = wrapperStyle;
        for (var x = 0; x < probe.style.length; x++) {
            var name = probe.style[x];
            savedWrapperStyle.push([name, container.style.getPropertyValue(name), container.style.getPropertyPriority(name)]);
            container.style.setProperty(name, probe.style.getPropertyValue(name), probe.style.getPropertyPriority(name));
        }
    }
    function removeWrapperStyle() {
        for (var x = savedWrapperStyle.length - 1; x >= 0; x--) {
            var saved = savedWrapperStyle[x];
            if (saved[1] == "") {
                container.style.removeProperty(saved[0]);
            } else {
                container.style.setProperty(saved[0], saved[1], saved[2]);
            }
        }
        savedWrapperStyle = [];
        if (container.getAttribute("style") == "") container.removeAttribute("style");
    }
    function applyPadding() {
        //Padding on the list (not its offset) so that the room after the last item is part of the
        //scroll range. "important" beats the list's own ul padding.
        listParent.style.setProperty("padding-left", paddingLeft + "px", "important");
        listParent.style.setProperty("padding-right", paddingRight + "px", "important");
    }
    async function addVitalStyles() {

        try {
            var path = await processAssetPath();

            if (!(path instanceof Error)){
                vModel.core.functions.linkStyleSheet(path+"css/listScroller.css", "listScroller");
            }else{
                throw new Error(path)
            }

        } catch (error) {
            console.error(error)
        }
    }
    function stylePlane() {
        //Applied synchronously, so that onScroller() called straight after initialize() measures
        //the laid-out list
        for (var name of ["vlistParentXContainer", "scroll", "bar-hide", "x"]) {
            if (!container.classList.contains(name)) {
                container.classList.add(name);
                addedClasses.container.push(name);
            }
        }
        applyWrapperStyle();

        listParent.classList.add("vlistCon", "noWrap", "vlistParentX");
        //max-content: the list is as wide as its items, so the scroll range ends at the last item
        listParent.style["width"] = "max-content";
        applyPadding();

        for (var list of listParent.children) {
            list.classList.add("vlist");
        }
    }
    function finiteNumber(value, msg) {
        validateNumber(value, msg);
        if (!isFinite(value)) throw new TypeError(msg);
    }

REASON
setAttribute('style', wrapperStyle) wiped the container's own inline style (verified: outline lost), and destroy() never restored it. The list width was item count x scrollSize, unrelated to the real item widths, so the row ran on into empty space (verified: range 1100px for 800px of items). paddingRight was stored and never used (verified: 550px gap instead of 40). stylePlane() ran after an await, so onScroller() called straight after initialize() measured an unstyled list. Now the wrapper properties are merged and recorded one by one, the list is width:max-content with inline !important paddings (so the trailing padding is inside the scroll range), and the layout is applied synchronously; only the stylesheet link stays async.

================================================================================
CHANGE 5 — initialize(), onScroller(), offScroller(), destroy()
================================================================================

OLD_SECTION
    this.initialize = function() {
        if (ready == 0) { //Not initialized
            if (destroyed) throw new Error("This ListScroller has been destroyed, create a new instance instead of re-initializing");
            var listItems = listParent.children;
            var children = listItems.length;
            
            if(hasButtons){
                if (inactiveButtonClassName == "") {
                    throw new Error("Setup error: Buttons class for inactive state not specified. Specify using the 'config.inactiveButtonClassName' property");
                }
    
                if (buttons.length == 0) {
                    throw new Error("Setup error: scroll buttons not specified. Specify using the 'config.buttons' property");
                }
                assignHandlers();
            }
            
            if (children < 0) {
                throw new Error("Setup error: No list item found, check the listType specified in the contructor");
            }
            
            listParent.classList.add("vlistCon", "noWrap");
            $$.sm(container).scroll.x(true)
            addVitalStyles();
            ready = 1; //initialized
        }
    };
    this.onScroller = function() {
        if (ready == 1) {
            listening = 1;
            if(container.scrollLeft == 0) initialScroll(container);
            scrollStatus(container);
        }
    }
    this.offScroller = function() {
        if (ready == 1) {
            listening = 0;
            toggleClass("a", 0);
            toggleClass("a", 1);
        }
    };
    this.destroy = function(){
        //Detaches the delegated button listener, the window resize listener and the container's own
        //scroll listener, then strips the layout classes and inline sizing this instance applied.
        if (destroyed) return;

        if (clickHandle != null){
            clickHandle.detach();
            clickHandle = null;
        }
        window.removeEventListener("resize", handleResize, false);
        container.removeEventListener("scroll", updateLastValue);

        container.classList.remove("vlistParentXContainer");
        listParent.classList.remove("vlistParentX", "vlistCon", "noWrap");
        listParent.style.removeProperty("width");
        listParent.style.removeProperty("left");

        for (var list of listParent.children) list.classList.remove("vlist");

        listening = 0;
        ready = 0;
        destroyed = true;
    };

NEW_SECTION
    this.initialize = function() {
        if (ready == 0) { //Not initialized
            if (destroyed) throw new Error("This ListScroller has been destroyed, create a new instance instead of re-initializing");

            if(hasButtons){
                if (inactiveButtonClassName == "") {
                    throw new Error("Setup error: Buttons class for inactive state not specified. Specify using the 'config.inactiveButtonClassName' property");
                }

                if (buttons.length == 0) {
                    throw new Error("Setup error: scroll buttons not specified. Specify using the 'config.buttons' property");
                }
            }

            stylePlane();
            ready = 1; //initialized
            if (hasButtons) bindButtons();

            container.addEventListener("scroll", updateState, false);
            //Catches window resizes, the container being resized on its own, items being added or
            //changing size, and the stylesheet arriving after initialize()
            resizeWatcher = new ResizeObserver(updateState);
            resizeWatcher.observe(container);
            resizeWatcher.observe(listParent);

            addVitalStyles();
        }
    };
    this.onScroller = function() {
        if (ready == 1) {
            listening = 1;
            //Items added since initialize() get the no-shrink class too
            for (var list of listParent.children) list.classList.add("vlist");
            updateState();
        }
    }
    this.offScroller = function() {
        if (ready == 1) {
            listening = 0;
            stopAnimation();
            if (hasButtons) {
                setInactive(0, true);
                setInactive(1, true);
            }
        }
    };
    this.destroy = function(){
        //Stops a running scroll, detaches the button, scroll and resize listeners, then strips the
        //classes and inline styles this instance applied, leaving the consumer's own in place.
        if (destroyed) return;

        stopAnimation();
        if (ready == 1) {
            if (hasButtons) unbindButtons();
            container.removeEventListener("scroll", updateState, false);
            if (resizeWatcher != null) resizeWatcher.disconnect();
            resizeWatcher = null;

            for (var name of addedClasses.container) container.classList.remove(name);
            addedClasses.container = [];
            removeWrapperStyle();

            listParent.classList.remove("vlistParentX", "vlistCon", "noWrap");
            for (var property of ["width", "padding-left", "padding-right"]) listParent.style.removeProperty(property);
            if (listParent.getAttribute("style") == "") listParent.removeAttribute("style");
            for (var list of listParent.children) list.classList.remove("vlist");
        } else {
            for (var x = 0; x < buttons.length; x++) buttons[x].style["cursor"] = savedCursor[x];
        }
        releaseButtonClasses();

        listening = 0;
        ready = 0;
        destroyed = true;
    };

REASON
The 'children < 0' check could never be true and named a nonexistent 'listType'; it is removed. offScroller() called toggleClass() on undefined buttons when hasButtons was false (verified TypeError). destroy() left the scroll, bar-hide and x classes on the container, the wrapper style, and vListBt classes and the not-allowed cursor on the buttons (verified). initialize() now marks both buttons inactive until onScroller(). destroy() also stops a running scroll and removes only the classes this instance added, so the datePicker's own vListBt classes on its buttons survive.

================================================================================
CHANGE 6 — config setters
================================================================================

OLD_SECTION
    Object.defineProperties(this.config, {
        buttons: {
            set: function(value) {
                var temp = "ListScroller.config.buttons property value must be an array ";
                validateArray(value, temp);
                validateArrayLength(value, 2, temp + "of 2 Elements");
                validateArrayMembers(value, "HTMLElement", temp + "of HTMLElements");
                //Add ids
                value[0].classList.add("vListBt", "vListBt-Left");
                value[1].classList.add("vListBt", "vListBt-Right");

                //Add styles
                value[0].style["cursor"] = "not-allowed";
                value[1].style["cursor"] = "not-allowed";
                buttons = value;
            }
        },
        scrollSize: {
            set: function(value) {
                validateNumber(value, "Numeric value needed for scrollSize property");
                scrollSize = value;
            }
        },
        paddingRight: {
            set: function(value) {
                if (validateNumber(value, "Numeric value needed for 'paddingRight' property")) {
                    if (value < 0) {
                        paddingRight = 0;
                    } else {
                        paddingRight = value;
                    }
                }
            }
        },
        paddingLeft: {
            set: function(value) {
                validateNumber(value, "Numeric value needed for 'paddingLeft' property");
                if (value < 0) {
                    paddingLeft = 0;
                } else {
                    paddingLeft = value;
                }
            }
        },
        inactiveButtonClassName: {
            set: function(value) {
                validateString(value, "config.inactiveButtonClassName property expects a string as value");
                inactiveButtonClassName = value;
            }
        },
        scrollSpeed: {
            set: function(value) {
                validateNumber(value, "'config.scrollSpeed' property value must be an array");
                value = value < 0 ? 1:value;
                scrollSpeed = value;
            }
        },
        wrapperStyle: {
            set: function(value) {
                validateString(value, "config.wrapperStyle property expects a string as value");
                wrapperStyle = value;
            }
        },
        hasButtons: {
            set: function(value){
                validateBoolean(value, "config.hasButtons property expects a boolean as value");
                hasButtons = value;
            }
        }
    });

NEW_SECTION
    Object.defineProperties(this.config, {
        buttons: {
            set: function(value) {
                var temp = "ListScroller.config.buttons property value must be an array ";
                validateArray(value, temp);
                validateArrayLength(value, 2, temp + "of 2 Elements");
                validateArrayMembers(value, "HTMLElement", temp + "of HTMLElements");
                if (value[0] == value[1]) throw new Error(temp + "of 2 different Elements, one per direction");

                //Swapping buttons on a running scroller releases the old pair first
                if (ready == 1 && hasButtons) unbindButtons();
                releaseButtonClasses();

                var names = [["vListBt", "vListBt-Left"], ["vListBt", "vListBt-Right"]];
                for (var x = 0; x < 2; x++) {
                    for (var name of names[x]) {
                        if (!value[x].classList.contains(name)) {
                            value[x].classList.add(name);
                            addedClasses.buttons[x].push(name);
                        }
                    }
                }
                savedCursor = [value[0].style["cursor"], value[1].style["cursor"]];
                value[0].style["cursor"] = "not-allowed";
                value[1].style["cursor"] = "not-allowed";
                buttons = [value[0], value[1]];

                if (ready == 1 && hasButtons) bindButtons();
            }
        },
        scrollSize: {
            set: function(value) {
                finiteNumber(value, "Numeric value needed for scrollSize property");
                if (value <= 0) throw new Error("'config.scrollSize' property value must be greater than 0");
                scrollSize = value;
            }
        },
        paddingRight: {
            set: function(value) {
                finiteNumber(value, "Numeric value needed for 'paddingRight' property");
                paddingRight = value < 0 ? 0 : value;
                if (ready == 1) applyPadding();
            }
        },
        paddingLeft: {
            set: function(value) {
                finiteNumber(value, "Numeric value needed for 'paddingLeft' property");
                paddingLeft = value < 0 ? 0 : value;
                if (ready == 1) applyPadding();
            }
        },
        inactiveButtonClassName: {
            set: function(value) {
                validateString(value, "config.inactiveButtonClassName property expects a string as value");
                if (!/^\S+$/.test(value)) throw new Error("config.inactiveButtonClassName property expects a single class name, without spaces");
                if (ready == 1 && hasButtons) {
                    for (var button of buttons) button.classList.remove(inactiveButtonClassName);
                }
                inactiveButtonClassName = value;
                if (ready == 1 && hasButtons) {
                    if (listening == 1) {
                        updateState();
                    } else {
                        setInactive(0, true);
                        setInactive(1, true);
                    }
                }
            }
        },
        scrollSpeed: {
            set: function(value) {
                //Duration of one button scroll, in milliseconds. 0 jumps without animating.
                finiteNumber(value, "'config.scrollSpeed' property value must be a number of milliseconds");
                if (value < 0) throw new Error("'config.scrollSpeed' property value must be 0 or more milliseconds");
                scrollSpeed = value;
            }
        },
        wrapperStyle: {
            set: function(value) {
                validateString(value, "config.wrapperStyle property expects a string as value");
                if (ready == 1) removeWrapperStyle();
                wrapperStyle = value;
                if (ready == 1) applyWrapperStyle();
            }
        },
        hasButtons: {
            set: function(value){
                validateBoolean(value, "config.hasButtons property expects a boolean as value");
                if (ready == 1 && value != hasButtons) {
                    if (value) {
                        if (inactiveButtonClassName == "" || buttons.length == 0) {
                            throw new Error("Setup error: set 'config.buttons' and 'config.inactiveButtonClassName' before turning 'config.hasButtons' on");
                        }
                        hasButtons = true;
                        bindButtons();
                        return;
                    }
                    unbindButtons();
                }
                hasButtons = value;
            }
        }
    });

REASON
Rejected at assignment now: the same element as both buttons, scrollSize <= 0 or NaN, a negative scrollSpeed, NaN/Infinity paddings, and an inactive class name with whitespace (which later threw from classList.add). scrollSpeed's message said 'must be an array'. paddingRight's guard relied on validateNumber's return value, which is fine, but the property was dead (change 4). Setters now apply live on a running scroller: buttons rebind, the inactive class swaps, wrapperStyle and paddings re-apply, hasButtons binds or releases. Button classes and the original cursor are recorded so destroy() can undo exactly what was added.
