FILE: vUX-timeLineList.js
FEATURE: timeline-list-verification
DATE: 2026-10-05
PRIOR STATE: commit 3f1472a (destroy() added by the component-teardown change)

Verified by driving headless Chromium over a test page served from the repository root, asserting
computed styles, classes, generated stylesheets and thrown messages. Baseline before these changes:
18 passed, 16 failed. After: 34 passed, 0 failed. The public API (constructor, autoBuild, refresh,
destroy, config.className, config.dataAttributes) is unchanged. refresh() now throws before
autoBuild() and after destroy(), a second autoBuild() builds newly added lists, and the generated
class and stylesheet names changed (see ChangeLog 'Changed').

================================================================================
CHANGE 1 — instance numbering and new state
================================================================================

OLD_SECTION
export function TimeLineList(){
    var className ="", destroyed = false;
    var activatedLists = [];   //every <ul> this instance marked, so destroy() can unmark them again

NEW_SECTION
var timeLineCount = 0; //numbers each instance so its per-list classes and stylesheet never collide with another's

export function TimeLineList(){
    var className ="", destroyed = false, built = false;
    var instanceId = ++timeLineCount;
    var listCount = 0;         //only ever grows, so a list activated by refresh() never reuses an earlier list's class
    var activatedLists = [];   //every <ul> this instance marked, so destroy() can unmark them again
    var styleEle = null;       //this instance's generated stylesheet, held so refresh() can extend it and destroy() remove it

REASON
Per-list classes were "vtl" + index. Every instance restarted at vtl0, so two instances' generated
rules applied to each other's lists (verified: an unstyled list from instance "two" got instance
"tl"'s red rail). refresh() also restarted its loop at 0, so a refreshed list took vtl0 and the
first list's styles (verified). instanceId and the ever-growing listCount make each class unique.
'built' replaces the never-matching stylesheet-id guard (change 2). styleEle lets refresh() add rules
and lets destroy() remove the sheet without a lookup by name.

================================================================================
CHANGE 2 — autoBuild(): links the stylesheet, binds once, builds only unbuilt lists
================================================================================

OLD_SECTION
    this.autoBuild = function(){
        if (destroyed) throw new Error("This TimeLineList has been destroyed, create a new instance instead of rebuilding");
        if(className == "")throw new Error("Setup imcomplete: TimeLineList class name must be supllied, specify using the 'config.className' property");
        var existingSheet = $$.ss("#v" + className);
        if(existingSheet == null){
            timeLineStyleSheet();
            assignTimeLineEventHanler();
        }
    }

NEW_SECTION
    this.autoBuild = function(){
        if (destroyed) throw new Error("This TimeLineList has been destroyed, create a new instance instead of rebuilding");
        if(className == "")throw new Error("Setup incomplete: TimeLineList class name must be supplied, specify using the 'config.className' property");
        if(!built){
            addVitalStyles();
            //Bound as a named listener rather than an anonymous one so that destroy() can detach it.
            addEventListener("resize", wrapList, false);
            built = true;
        }
        //Lists already activated (by this or another instance) are skipped, so calling autoBuild()
        //again only picks up lists added since, the same as refresh().
        buildLists($$.sa(listSelector()));
    }

REASON
assets/css/timeLineList.css was never linked by anything, so the markers, the labels and the
label column never rendered (verified: li::after content "none", no <link>). It is now linked
through processAssetPath(), the same way every other module does it. The old guard looked up
"#v"+className, but attachStyleSheet sets data-id, not id, so the guard never matched. The spelling
of the "Setup incomplete" message is fixed. assignTimeLineEventHanler() existed only to bind the
listener and is inlined.

================================================================================
CHANGE 3 — destroy() removes its own stylesheet by reference
================================================================================

OLD_SECTION
        var styleEle = $$.ss("style[data-id='v" + className + "']");
        if (styleEle != null) styleEle.remove();

NEW_SECTION
        if (styleEle != null) styleEle.remove();
        styleEle = null;

REASON
The name-based lookup used the CURRENT className. If className had been reassigned after the
build, the sheet stayed behind. It could also find another instance's sheet for the same class.

================================================================================
CHANGE 4 — refresh(): guarded, escaped, and builds styles for what it activates
================================================================================

OLD_SECTION
    this.refresh = function(parent = null){
        var allUls = $$.sa("."+className+":not(.activated)");
        if(parent != null){
            validateElement(parent, "TimeLineListObj.refresh() method expects a valid DOM element as argument 1");
            allUls = parent.querySelectorAll("."+className+":not(.activated)");
        }
        
        var totalUls = allUls.length;
        if (totalUls > 0) {
            for (var x = 0; x < totalUls; x++) {
                activateList(allUls[x], x);
            }
        }
    }

NEW_SECTION
    this.refresh = function(parent = null){
        if (destroyed) throw new Error("This TimeLineList has been destroyed, create a new instance instead of refreshing");
        if (!built) throw new Error("TimeLineListObj.refresh() called before autoBuild(); call autoBuild() first");
        var allUls;
        if(parent != null){
            validateElement(parent, "TimeLineListObj.refresh() method expects a valid DOM element as argument 1");
            allUls = parent.querySelectorAll(listSelector());
        }else{
            allUls = $$.sa(listSelector());
        }
        buildLists(allUls);
    }

    function listSelector(){
        return "." + CSS.escape(className) + ":not(.activated)";
    }

REASON
refresh() only added classes. A refreshed list got no rules from its own attributes (verified: the
new list showed the first list's red rail, not its own purple one). It also did not run wrapList,
so it would not stack until the next resize (verified). It now goes through the same buildLists()
as autoBuild(). Before autoBuild(), refresh() activated lists with no stylesheet link and no resize
listener. After destroy(), it re-marked lists that destroy() would never unmark again (verified).
Both now throw. With className unset it threw a raw SyntaxError ('.:not(.activated)'), which the
!built guard now pre-empts. The page-wide query was also run even when a parent was given.

================================================================================
CHANGE 5 — wrapList(): no selector, this instance's lists only
================================================================================

OLD_SECTION
    function assignTimeLineEventHanler(){
        //Bound as a named listener rather than an anonymous one so that destroy() can detach it.
        addEventListener("resize", wrapList, false)
    }

    function wrapList(){
        var allWrappable = $$.sa(".vtimeLine["+dataAttributes.smallViewAttrib+"]");
        var totalWrappable = allWrappable.length;
        for (var x=0; x<totalWrappable; x++){
            var wrapViewPort  = allWrappable[x].getAttribute(dataAttributes.smallViewAttrib);
            if(innerWidth <= wrapViewPort){
                allWrappable[x].classList.add("wrap");
            }else if(innerWidth > wrapViewPort){
                allWrappable[x].classList.remove("wrap");
            }
        }
    }

NEW_SECTION
    function wrapList(){
        //Only this instance's lists, and only when a small-view attribute is configured: building a
        //'[attribute]' selector from an empty name threw a SyntaxError on every build and resize.
        if (dataAttributes.smallViewAttrib == "") return;
        for (var x = 0; x < activatedLists.length; x++){
            var ul = activatedLists[x].ul;
            var wrapViewPort = parseFloat(ul.getAttribute(dataAttributes.smallViewAttrib));
            if(!isNaN(wrapViewPort) && innerWidth <= wrapViewPort){
                ul.classList.add("wrap");
            }else{
                ul.classList.remove("wrap");
            }
        }
    }

REASON
Without a smallView entry in config.dataAttributes, the selector was '.vtimeLine[]'. autoBuild()
threw a SyntaxError partway through, after marking the lists and writing the sheet but before
binding the listener (verified). The query also matched every .vtimeLine on the page, so each
instance toggled other instances' lists against its own attribute name. A non-numeric threshold
now clears .wrap instead of leaving a stale state.

================================================================================
CHANGE 6 — buildLists() / listStyles() replace timeLineStyleSheet()
================================================================================

OLD_SECTION
    function timeLineStyleSheet(){
        var listMember = $$.sa("."+className);
        if ($$.ss("style[data-id='v" + className + "']") == null) {
            var css = "";
            listMember.forEach(function(ul, index){
                var uniqueClass = activateList(ul, index);
                if(dataAttributes.timeLineBorderStyleAtrrib != "") css += "."+uniqueClass+"{"+ul.getAttribute(dataAttributes.timeLineBorderStyleAttrib)+"}";
                if(dataAttributes.listStyleAtrrib != "") css += "."+uniqueClass+" li{"+ul.getAttribute(dataAttributes.listStyleAttrib)+"}";
                if(dataAttributes.listIconStyleAtrrib != "") css += "."+uniqueClass+" li::before{"+ul.getAttribute(dataAttributes.listIconStyleAttrib)+"}";
                if(dataAttributes.timeLineLabelAtrrib != "") css += "."+uniqueClass+" li::after{"+ul.getAttribute(dataAttributes.timeLineLabelAttrib)+"}";
            });
            attachStyleSheet("v" + className, css);
        }else{
            listMember.forEach(function(ul, index){
                activateList(ul, index);
            })
        } 
        wrapList();
    }

    function activateList(ul, index){
        var uniqueClass = "vtl"+index;
        ul.classList.add("vtimeLine", uniqueClass, "activated"); 
        activatedLists.push({ul:ul, uniqueClass:uniqueClass});
        return uniqueClass;
    }

NEW_SECTION
    function buildLists(lists){
        var css = "";
        for (var x = 0; x < lists.length; x++){
            css += listStyles(lists[x], activateList(lists[x]));
        }
        if (css != ""){
            if (styleEle == null){
                attachStyleSheet("v" + className + "-" + instanceId, css);
                styleEle = document.head.lastElementChild;
            }else{
                styleEle.appendChild(document.createTextNode(css));
            }
        }
        wrapList();
    }

    function listStyles(ul, uniqueClass){
        //Two classes: enough to outrank timeLineList.css's defaults (one class), which is linked
        //after this sheet and would otherwise win the ties, yet below its wrap rules (three
        //classes), so the stacked layout still repositions a list that styles its own labels.
        var scope = ".vtimeLine." + uniqueClass;
        ...   one rule per configured attribute the list actually carries
    }

    function activateList(ul){
        var uniqueClass = "vtl" + instanceId + "-" + (listCount++);
        ...
    }

REASON
The guards tested misspelled properties (…Atrrib). Those were always undefined, so every rule was
always written, and an unconfigured attribute or one a list lacked produced "{null}" (verified:
'.vtl0{null}.vtl0 li{null}…'). A rule is now written only when the attribute is configured and the
list carries a non-empty value. The old code also re-activated every list carrying the class,
including built ones, which pushed duplicates into activatedLists. Only unbuilt lists are passed
in now. Selectors were scoped by one class, which tied with timeLineList.css. Now that the sheet
is linked, and linked afterwards, it would have won every tie. Two classes beat the defaults
while staying below the three-class wrap rules (see timeLineList.css), so the stacked layout keeps
control of label position, as it did in the original.

================================================================================
CHANGE 7 — config setters
================================================================================

OLD_SECTION
                validateString(value, "'config.className' property value must be a string");
                className = value;
...
                var entries = Object.entries(value);
                if(entries.length < 6){
                    entries.forEach(function(entry){
                        if(validOptions.indexOf(entry[0]) == -1) throw new Error("The data attribute specifier is not supported, the suported specifiers are: "+ validOptions.join(", "));
                        dataAttributes[entry[0]+"Attrib"] = entry[1];
                    });
                }else{
                    throw new Error("'config.dataAttributes' object value contains more than 4 entries");
                }

NEW_SECTION
                validateString(value, "'config.className' property value must be a string");
                if (!/^[^\s.]+$/.test(value)) throw new Error("'config.className' property value must be a single class name, without spaces or a leading '.'");
                className = value;
...
                var entries = Object.entries(value);
                if(entries.length > validOptions.length) throw new Error("'config.dataAttributes' object value contains more than " + validOptions.length + " entries");
                entries.forEach(function(entry){
                    if(validOptions.indexOf(entry[0]) == -1) throw new Error("The data attribute specifier '" + entry[0] + "' is not supported, the supported specifiers are: "+ validOptions.join(", "));
                    validateString(entry[1], "'config.dataAttributes." + entry[0] + "' value must be a string, the name of the attribute to read");
                });
                //Applied only once every entry has passed, so a bad entry leaves the earlier settings intact.
                entries.forEach(function(entry){
                    dataAttributes[entry[0]+"Attrib"] = entry[1];
                });

REASON
className ".x" was accepted and later surfaced as a SyntaxError from inside refresh() (verified:
'..x:not(.activated)'). Non-string attribute names were stored (verified). The entries were
applied one by one while being validated, so a bad later key left earlier keys half-applied. The
count message said 4 for a limit of 5. The unsupported-key message now names the key, and the
"suported" typo is fixed.
